// Jest Snapshot v1, https://goo.gl/fbAQLP

exports[`GifGridItem.test Debe mostrar el componente correctamente  1`] = `
<div
  className="card animate__animated animate__bounce"
>
  <img
    alt="titulo"
    src="https://localhost.com/image.jpg"
  />
  <p>
    titulo
  </p>
</div>
`;
