// Jest Snapshot v1, https://goo.gl/fbAQLP

exports[`GifGrid debe ser igual al snapshot  1`] = `
<Fragment>
  <h3>
    Kimetsu
  </h3>
  <p
    className="animate__animated animate__flash"
  >
    Cargando
  </p>
  <div
    className="card-grid"
  />
</Fragment>
`;
